Archive member included to satisfy reference by file (symbol)

c:/program files (x86)/atmel/studio/7.0/toolchain/arm/arm-gnu-toolchain/bin/../lib/gcc/arm-none-eabi/6.3.1/thumb/v6-m\libgcc.a(_udivsi3.o)
                              hal/src/hal_flash.o (__aeabi_uidiv)
c:/program files (x86)/atmel/studio/7.0/toolchain/arm/arm-gnu-toolchain/bin/../lib/gcc/arm-none-eabi/6.3.1/thumb/v6-m\libgcc.a(_divsi3.o)
                              hal/src/hal_adc_sync.o (__aeabi_idivmod)
c:/program files (x86)/atmel/studio/7.0/toolchain/arm/arm-gnu-toolchain/bin/../lib/gcc/arm-none-eabi/6.3.1/thumb/v6-m\libgcc.a(_dvmd_tls.o)
                              c:/program files (x86)/atmel/studio/7.0/toolchain/arm/arm-gnu-toolchain/bin/../lib/gcc/arm-none-eabi/6.3.1/thumb/v6-m\libgcc.a(_udivsi3.o) (__aeabi_idiv0)
c:/program files (x86)/atmel/studio/7.0/toolchain/arm/arm-gnu-toolchain/bin/../lib/gcc/arm-none-eabi/6.3.1/thumb/v6-m\libgcc.a(_aeabi_uldivmod.o)
                              hpl/sercom/hpl_sercom.o (__aeabi_uldivmod)
c:/program files (x86)/atmel/studio/7.0/toolchain/arm/arm-gnu-toolchain/bin/../lib/gcc/arm-none-eabi/6.3.1/thumb/v6-m\libgcc.a(_muldi3.o)
                              hpl/sercom/hpl_sercom.o (__aeabi_lmul)
c:/program files (x86)/atmel/studio/7.0/toolchain/arm/arm-gnu-toolchain/bin/../lib/gcc/arm-none-eabi/6.3.1/thumb/v6-m\libgcc.a(_fixunsdfsi.o)
                              hpl/sercom/hpl_sercom.o (__aeabi_d2uiz)
c:/program files (x86)/atmel/studio/7.0/toolchain/arm/arm-gnu-toolchain/bin/../lib/gcc/arm-none-eabi/6.3.1/thumb/v6-m\libgcc.a(_udivmoddi4.o)
                              c:/program files (x86)/atmel/studio/7.0/toolchain/arm/arm-gnu-toolchain/bin/../lib/gcc/arm-none-eabi/6.3.1/thumb/v6-m\libgcc.a(_aeabi_uldivmod.o) (__udivmoddi4)
c:/program files (x86)/atmel/studio/7.0/toolchain/arm/arm-gnu-toolchain/bin/../lib/gcc/arm-none-eabi/6.3.1/thumb/v6-m\libgcc.a(divdf3.o)
                              hpl/sercom/hpl_sercom.o (__aeabi_ddiv)
c:/program files (x86)/atmel/studio/7.0/toolchain/arm/arm-gnu-toolchain/bin/../lib/gcc/arm-none-eabi/6.3.1/thumb/v6-m\libgcc.a(muldf3.o)
                              hpl/sercom/hpl_sercom.o (__aeabi_dmul)
c:/program files (x86)/atmel/studio/7.0/toolchain/arm/arm-gnu-toolchain/bin/../lib/gcc/arm-none-eabi/6.3.1/thumb/v6-m\libgcc.a(subdf3.o)
                              hpl/sercom/hpl_sercom.o (__aeabi_dsub)
c:/program files (x86)/atmel/studio/7.0/toolchain/arm/arm-gnu-toolchain/bin/../lib/gcc/arm-none-eabi/6.3.1/thumb/v6-m\libgcc.a(fixdfsi.o)
                              c:/program files (x86)/atmel/studio/7.0/toolchain/arm/arm-gnu-toolchain/bin/../lib/gcc/arm-none-eabi/6.3.1/thumb/v6-m\libgcc.a(_fixunsdfsi.o) (__aeabi_d2iz)
c:/program files (x86)/atmel/studio/7.0/toolchain/arm/arm-gnu-toolchain/bin/../lib/gcc/arm-none-eabi/6.3.1/thumb/v6-m\libgcc.a(floatsidf.o)
                              hpl/sercom/hpl_sercom.o (__aeabi_i2d)
c:/program files (x86)/atmel/studio/7.0/toolchain/arm/arm-gnu-toolchain/bin/../lib/gcc/arm-none-eabi/6.3.1/thumb/v6-m\libgcc.a(floatunsidf.o)
                              hpl/sercom/hpl_sercom.o (__aeabi_ui2d)
c:/program files (x86)/atmel/studio/7.0/toolchain/arm/arm-gnu-toolchain/bin/../lib/gcc/arm-none-eabi/6.3.1/thumb/v6-m\libgcc.a(_arm_cmpdf2.o)
                              c:/program files (x86)/atmel/studio/7.0/toolchain/arm/arm-gnu-toolchain/bin/../lib/gcc/arm-none-eabi/6.3.1/thumb/v6-m\libgcc.a(_fixunsdfsi.o) (__aeabi_dcmpge)
c:/program files (x86)/atmel/studio/7.0/toolchain/arm/arm-gnu-toolchain/bin/../lib/gcc/arm-none-eabi/6.3.1/thumb/v6-m\libgcc.a(_clzsi2.o)
                              c:/program files (x86)/atmel/studio/7.0/toolchain/arm/arm-gnu-toolchain/bin/../lib/gcc/arm-none-eabi/6.3.1/thumb/v6-m\libgcc.a(divdf3.o) (__clzsi2)
c:/program files (x86)/atmel/studio/7.0/toolchain/arm/arm-gnu-toolchain/bin/../lib/gcc/arm-none-eabi/6.3.1/thumb/v6-m\libgcc.a(_clzdi2.o)
                              c:/program files (x86)/atmel/studio/7.0/toolchain/arm/arm-gnu-toolchain/bin/../lib/gcc/arm-none-eabi/6.3.1/thumb/v6-m\libgcc.a(_udivmoddi4.o) (__clzdi2)
c:/program files (x86)/atmel/studio/7.0/toolchain/arm/arm-gnu-toolchain/bin/../lib/gcc/arm-none-eabi/6.3.1/thumb/v6-m\libgcc.a(eqdf2.o)
                              c:/program files (x86)/atmel/studio/7.0/toolchain/arm/arm-gnu-toolchain/bin/../lib/gcc/arm-none-eabi/6.3.1/thumb/v6-m\libgcc.a(_arm_cmpdf2.o) (__eqdf2)
c:/program files (x86)/atmel/studio/7.0/toolchain/arm/arm-gnu-toolchain/bin/../lib/gcc/arm-none-eabi/6.3.1/thumb/v6-m\libgcc.a(gedf2.o)
                              c:/program files (x86)/atmel/studio/7.0/toolchain/arm/arm-gnu-toolchain/bin/../lib/gcc/arm-none-eabi/6.3.1/thumb/v6-m\libgcc.a(_arm_cmpdf2.o) (__gedf2)
c:/program files (x86)/atmel/studio/7.0/toolchain/arm/arm-gnu-toolchain/bin/../lib/gcc/arm-none-eabi/6.3.1/thumb/v6-m\libgcc.a(ledf2.o)
[...]
Memory Configuration

Name             Origin             Length             Attributes
rom              0x00000000         0x00008000         xr
ram              0x20000000         0x00001000         xrw
*default*        0x00000000         0xffffffff

Linker script and memory map

LOAD c:/program files (x86)/atmel/studio/7.0/toolchain/arm/arm-gnu-toolchain/bin/../lib/gcc/arm-none-eabi/6.3.1/thumb/v6-m/crti.o
LOAD c:/program files (x86)/atmel/studio/7.0/toolchain/arm/arm-gnu-toolchain/bin/../lib/gcc/arm-none-eabi/6.3.1/thumb/v6-m/crtbegin.o
LOAD c:/program files (x86)/atmel/studio/7.0/toolchain/arm/arm-gnu-toolchain/bin/../lib/gcc/arm-none-eabi/6.3.1/../../../../arm-none-eabi/lib/thumb/v6-m/crt0.o
LOAD atmel_start.o
LOAD Device_Startup/startup_samd21.o
LOAD Device_Startup/system_samd21.o
LOAD driver_init.o
LOAD examples/driver_examples.o
LOAD hal/src/hal_adc_sync.o
LOAD hal/src/hal_atomic.o
LOAD hal/src/hal_delay.o
LOAD hal/src/hal_flash.o
LOAD hal/src/hal_gpio.o
LOAD hal/src/hal_i2c_s_sync.o
LOAD hal/src/hal_init.o
LOAD hal/src/hal_io.o
LOAD hal/src/hal_sleep.o
LOAD hal/utils/src/utils_assert.o
LOAD hal/utils/src/utils_event.o
LOAD hal/utils/src/utils_list.o
LOAD hal/utils/src/utils_syscalls.o
LOAD hpl/adc/hpl_adc.o
LOAD hpl/core/hpl_core_m0plus_base.o
LOAD hpl/core/hpl_init.o
LOAD hpl/dmac/hpl_dmac.o
LOAD hpl/gclk/hpl_gclk.o
LOAD hpl/nvmctrl/hpl_nvmctrl.o
LOAD hpl/pm/hpl_pm.o
LOAD hpl/sercom/hpl_sercom.o
LOAD hpl/sysctrl/hpl_sysctrl.o
LOAD main.o
START GROUP
LOAD c:/program files (x86)/atmel/studio/7.0/toolchain/arm/arm-gnu-toolchain/bin/../lib/gcc/arm-none-eabi/6.3.1/../../../../arm-none-eabi/lib/thumb/v6-m\libm.a
END GROUP
START GROUP
LOAD c:/program files (x86)/atmel/studio/7.0/toolchain/arm/arm-gnu-toolchain/bin/../lib/gcc/arm-none-eabi/6.3.1/thumb/v6-m\libgcc.a
LOAD c:/program files (x86)/atmel/studio/7.0/toolchain/arm/arm-gnu-toolchain/bin/../lib/gcc/arm-none-eabi/6.3.1/../../../../arm-none-eabi/lib/thumb/v6-m\libc_nano.a
END GROUP
START GROUP
LOAD c:/program files (x86)/atmel/studio/7.0/toolchain/arm/arm-gnu-toolchain/bin/../lib/gcc/arm-none-eabi/6.3.1/thumb/v6-m\libgcc.a
LOAD c:/program files (x86)/atmel/studio/7.0/toolchain/arm/arm-gnu-toolchain/bin/../lib/gcc/arm-none-eabi/6.3.1/../../../../arm-none-eabi/lib/thumb/v6-m\libc_nano.a
END GROUP
LOAD c:/program files (x86)/atmel/studio/7.0/toolchain/arm/arm-gnu-toolchain/bin/../lib/gcc/arm-none-eabi/6.3.1/thumb/v6-m/crtend.o
LOAD c:/program files (x86)/atmel/studio/7.0/toolchain/arm/arm-gnu-toolchain/bin/../lib/gcc/arm-none-eabi/6.3.1/thumb/v6-m/crtn.o
                0x00000400                STACK_SIZE = DEFINED (STACK_SIZE)?STACK_SIZE:DEFINED (__stack_size__)?__stack_size__:0x400

.text           0x00000000      0xa30
                0x00000000                . = ALIGN (0x4)
                0x00000000                _sfixed = .
 *(.vectors .vectors.*)
 .vectors       0x00000000       0xb4 Device_Startup/startup_samd21.o
                0x00000000                exception_table
 *(.text .text.* .gnu.linkonce.t.*)
 .text          0x000000b4       0x60 c:/program files (x86)/atmel/studio/7.0/toolchain/arm/arm-gnu-toolchain/bin/../lib/gcc/arm-none-eabi/6.3.1/thumb/v6-m/crtbegin.o
 .text.atmel_start_init
                0x00000114        0xc atmel_start.o
                0x00000114                atmel_start_init
 .text.Dummy_Handler
                0x00000120        0x2 Device_Startup/startup_samd21.o
                0x00000120                SVCall_Handler
                0x00000120                DMAC_Handler
                0x00000120                HardFault_Handler
                0x00000120                AC_Handler
                0x00000120                SysTick_Handler
                0x00000120                PendSV_Handler
                0x00000120                SERCOM1_Handler
                0x00000120                ADC_Handler
                0x00000120                NonMaskableInt_Handler
                0x00000120                TCC1_Handler
                0x00000120                SERCOM2_Handler
                0x00000120                TCC0_Handler
                0x00000120                RTC_Handler
                0x00000120                EIC_Handler
                0x00000120                WDT_Handler
                0x00000120                TC4_Handler
                0x00000120                USB_Handler
                0x00000120                TC3_Handler
                0x00000120                Dummy_Handler
                0x00000120                PM_Handler
                0x00000120                TCC2_Handler
                0x00000120                EVSYS_Handler
                0x00000120                SERCOM3_Handler
                0x00000120                I2S_Handler
                0x00000120                SERCOM0_Handler
                0x00000120                DAC_Handler
                0x00000120                PTC_Handler
                0x00000120                TC5_Handler
                0x00000120                SYSCTRL_Handler
 *fill*         0x00000122        0x2 
 .text.Reset_Handler
                0x00000124       0xe4 Device_Startup/startup_samd21.o
                0x00000124                Reset_Handler
 .text.ADC_0_CLOCK_init
                0x00000208       0x20 driver_init.o
                0x00000208                ADC_0_CLOCK_init
 .text.ADC_0_init
                0x00000228       0x24 driver_init.o
                0x00000228                ADC_0_init
 .text.FLASH_0_CLOCK_init
                0x0000024c       0x10 driver_init.o
                0x0000024c                FLASH_0_CLOCK_init
 .text.FLASH_0_init
                0x0000025c       0x20 driver_init.o
                0x0000025c                FLASH_0_init
 .text.I2C_0_PORT_init
                0x0000027c       0x50 driver_init.o
                0x0000027c                I2C_0_PORT_init
 .text.I2C_0_CLOCK_init
                0x000002cc       0x28 driver_init.o
                0x000002cc                I2C_0_CLOCK_init
 .text.I2C_0_init
                0x000002f4       0x28 driver_init.o
                0x000002f4                I2C_0_init
 .text.system_init
                0x0000031c       0x8c driver_init.o
                0x0000031c                system_init
 .text.adc_sync_init
                0x000003a8       0x34 hal/src/hal_adc_sync.o
                0x000003a8                adc_sync_init
 .text.flash_ready
                0x000003dc        0xc hal/src/hal_flash.o
 .text.flash_error
                0x000003e8        0xc hal/src/hal_flash.o
 .text.flash_init
                0x000003f4       0x48 hal/src/hal_flash.o
                0x000003f4                flash_init
 .text.i2c_s_sync_write
                0x0000043c       0x7c hal/src/hal_i2c_s_sync.o
 .text.i2c_s_sync_read
                0x000004b8       0x68 hal/src/hal_i2c_s_sync.o
 .text.i2c_s_sync_init
                0x00000520       0x48 hal/src/hal_i2c_s_sync.o
                0x00000520                i2c_s_sync_init
 .text.assert   0x00000568        0x8 hal/utils/src/utils_assert.o
                0x00000568                assert
 .text._adc_get_regs
                0x00000570        0x4 hpl/adc/hpl_adc.o
 .text._adc_init
                0x00000574      0x104 hpl/adc/hpl_adc.o
 .text._adc_sync_init
                0x00000678       0x38 hpl/adc/hpl_adc.o
                0x00000678                _adc_sync_init
 .text._init_chip
                0x000006b0       0x30 hpl/core/hpl_init.o
                0x000006b0                _init_chip
 .text._gclk_init_generators_by_fref
                0x000006e0       0x20 hpl/gclk/hpl_gclk.o
                0x000006e0                _gclk_init_generators_by_fref
 .text._flash_init
                0x00000700       0x60 hpl/nvmctrl/hpl_nvmctrl.o
                0x00000700                _flash_init
 .text.NVMCTRL_Handler
                0x00000760       0x30 hpl/nvmctrl/hpl_nvmctrl.o
                0x00000760                NVMCTRL_Handler
 .text._pm_init
                0x00000790       0x20 hpl/pm/hpl_pm.o
                0x00000790                _pm_init
 .text._i2c_s_init
                0x000007b0       0x90 hpl/sercom/hpl_sercom.o
 .text._i2c_s_sync_init
                0x00000840       0x34 hpl/sercom/hpl_sercom.o
                0x00000840                _i2c_s_sync_init
 .text._i2c_s_sync_write_byte
                0x00000874        0x8 hpl/sercom/hpl_sercom.o
                0x00000874                _i2c_s_sync_write_byte
 .text._i2c_s_sync_read_byte
                0x0000087c        0xa hpl/sercom/hpl_sercom.o
                0x0000087c                _i2c_s_sync_read_byte
 .text._i2c_s_sync_is_byte_sent
                0x00000886        0xa hpl/sercom/hpl_sercom.o
                0x00000886                _i2c_s_sync_is_byte_sent
 .text._i2c_s_sync_is_byte_received
                0x00000890        0xa hpl/sercom/hpl_sercom.o
                0x00000890                _i2c_s_sync_is_byte_received
 .text._i2c_s_sync_clear_data_ready_flag
                0x0000089a        0xa hpl/sercom/hpl_sercom.o
                0x0000089a                _i2c_s_sync_clear_data_ready_flag
 .text._sysctrl_init_sources
                0x000008a4       0x48 hpl/sysctrl/hpl_sysctrl.o
                0x000008a4                _sysctrl_init_sources
 .text._sysctrl_init_referenced_generators
                0x000008ec       0x10 hpl/sysctrl/hpl_sysctrl.o
                0x000008ec                _sysctrl_init_referenced_generators
 .text.main     0x000008fc        0xc main.o
                0x000008fc                main
 .text.__libc_init_array
                0x00000908       0x48 c:/program files (x86)/atmel/studio/7.0/toolchain/arm/arm-gnu-toolchain/bin/../lib/gcc/arm-none-eabi/6.3.1/../../../../arm-none-eabi/lib/thumb/v6-m\libc_nano.a(lib_a-init.o)
                0x00000908                __libc_init_array
 *(.glue_7t)
 .glue_7t       0x00000950        0x0 linker stubs
 *(.glue_7)
 .glue_7        0x00000950        0x0 linker stubs
 *(.rodata .rodata* .gnu.linkonce.r.*)
 .rodata.str1.4
                0x00000950       0x1a hal/src/hal_adc_sync.o
 *fill*         0x0000096a        0x2 
 .rodata.str1.4
                0x0000096c       0x17 hal/src/hal_flash.o
 *fill*         0x00000983        0x1 
 .rodata.str1.4
                0x00000984       0x1c hal/src/hal_i2c_s_sync.o
 .rodata        0x000009a0       0x1c hpl/adc/hpl_adc.o
 .rodata.str1.4
                0x000009bc       0x15 hpl/adc/hpl_adc.o
 *fill*         0x000009d1        0x3 
 .rodata.str1.4
                0x000009d4       0x1d hpl/nvmctrl/hpl_nvmctrl.o
 *fill*         0x000009f1        0x3 
 .rodata.str1.4
                0x000009f4       0x1c hpl/sercom/hpl_sercom.o
                                 0x1b (size before relaxing)
 *(.ARM.extab* .gnu.linkonce.armextab.*)
                0x00000a10                . = ALIGN (0x4)
 *(.init)
 .init          0x00000a10        0x4 c:/program files (x86)/atmel/studio/7.0/toolchain/arm/arm-gnu-toolchain/bin/../lib/gcc/arm-none-eabi/6.3.1/thumb/v6-m/crti.o
                0x00000a10                _init
 .init          0x00000a14        0x8 c:/program files (x86)/atmel/studio/7.0/toolchain/arm/arm-gnu-toolchain/bin/../lib/gcc/arm-none-eabi/6.3.1/thumb/v6-m/crtn.o
                0x00000a1c                . = ALIGN (0x4)
                0x00000a1c                __preinit_array_start = .
 *(.preinit_array)
                0x00000a1c                __preinit_array_end = .
                0x00000a1c                . = ALIGN (0x4)
                0x00000a1c                __init_array_start = .
 *(SORT(.init_array.*))
 *(.init_array)
 .init_array    0x00000a1c        0x4 c:/program files (x86)/atmel/studio/7.0/toolchain/arm/arm-gnu-toolchain/bin/../lib/gcc/arm-none-eabi/6.3.1/thumb/v6-m/crtbegin.o
                0x00000a20                __init_array_end = .
                0x00000a20                . = ALIGN (0x4)
 *crtbegin.o(.ctors)
 *(EXCLUDE_FILE(*crtend.o) .ctors)
 *(SORT(.ctors.*))
 *crtend.o(.ctors)
                0x00000a20                . = ALIGN (0x4)
 *(.fini)
 .fini          0x00000a20        0x4 c:/program files (x86)/atmel/studio/7.0/toolchain/arm/arm-gnu-toolchain/bin/../lib/gcc/arm-none-eabi/6.3.1/thumb/v6-m/crti.o
                0x00000a20                _fini
 .fini          0x00000a24        0x8 c:/program files (x86)/atmel/studio/7.0/toolchain/arm/arm-gnu-toolchain/bin/../lib/gcc/arm-none-eabi/6.3.1/thumb/v6-m/crtn.o
                0x00000a2c                . = ALIGN (0x4)
                0x00000a2c                __fini_array_start = .
 *(.fini_array)
 .fini_array    0x00000a2c        0x4 c:/program files (x86)/atmel/studio/7.0/toolchain/arm/arm-gnu-toolchain/bin/../lib/gcc/arm-none-eabi/6.3.1/thumb/v6-m/crtbegin.o
 *(SORT(.fini_array.*))
                0x00000a30                __fini_array_end = .
 *crtbegin.o(.dtors)
 *(EXCLUDE_FILE(*crtend.o) .dtors)
 *(SORT(.dtors.*))
 *crtend.o(.dtors)
                0x00000a30                . = ALIGN (0x4)
                0x00000a30                _efixed = .
                [!provide]                PROVIDE (__exidx_start, .)

.vfp11_veneer   0x00000a30        0x0
 .vfp11_veneer  0x00000a30        0x0 linker stubs

.v4_bx          0x00000a30        0x0
 .v4_bx         0x00000a30        0x0 linker stubs

.iplt           0x00000a30        0x0
 .iplt          0x00000a30        0x0 c:/program files (x86)/atmel/studio/7.0/toolchain/arm/arm-gnu-toolchain/bin/../lib/gcc/arm-none-eabi/6.3.1/thumb/v6-m/crtbegin.o

.eh_frame       0x00000a30        0x0
 .eh_frame      0x00000a30        0x0 c:/program files (x86)/atmel/studio/7.0/toolchain/arm/arm-gnu-toolchain/bin/../lib/gcc/arm-none-eabi/6.3.1/thumb/v6-m/crtbegin.o

.rel.dyn        0x00000a30        0x0
 .rel.iplt      0x00000a30        0x0 c:/program files (x86)/atmel/studio/7.0/toolchain/arm/arm-gnu-toolchain/bin/../lib/gcc/arm-none-eabi/6.3.1/thumb/v6-m/crtbegin.o

.jcr            0x00000a30        0x0
 .jcr           0x00000a30        0x0 c:/program files (x86)/atmel/studio/7.0/toolchain/arm/arm-gnu-toolchain/bin/../lib/gcc/arm-none-eabi/6.3.1/thumb/v6-m/crtbegin.o

.igot.plt       0x00000a30        0x0
 .igot.plt      0x00000a30        0x0 c:/program files (x86)/atmel/studio/7.0/toolchain/arm/arm-gnu-toolchain/bin/../lib/gcc/arm-none-eabi/6.3.1/thumb/v6-m/crtbegin.o

.ARM.exidx
 *(.ARM.exidx* .gnu.linkonce.armexidx.*)
                [!provide]                PROVIDE (__exidx_end, .)
                0x00000a30                . = ALIGN (0x4)
                0x00000a30                _etext = .

.relocate       0x20000000        0x0 load address 0x00000a30
                0x20000000                . = ALIGN (0x4)
                0x20000000                _srelocate = .
 *(.ramfunc .ramfunc.*)
 *(.data .data.*)
                0x20000000                . = ALIGN (0x4)
                0x20000000                _erelocate = .

.bss            0x20000000       0x4c
                0x20000000                . = ALIGN (0x4)
                0x20000000                _sbss = .
                0x20000000                _szero = .
 *(.bss .bss.*)
 .bss           0x20000000       0x1c c:/program files (x86)/atmel/studio/7.0/toolchain/arm/arm-gnu-toolchain/bin/../lib/gcc/arm-none-eabi/6.3.1/thumb/v6-m/crtbegin.o
 .bss           0x2000001c        0x4 hpl/nvmctrl/hpl_nvmctrl.o
 *(COMMON)
 COMMON         0x20000020       0x2c driver_init.o
                0x20000020                FLASH_0
                0x2000003c                ADC_0
                0x20000040                I2C_0
                0x2000004c                . = ALIGN (0x4)
                0x2000004c                _ebss = .
                0x2000004c                _ezero = .

.stack          0x2000004c      0x404
                0x20000050                . = ALIGN (0x8)
 *fill*         0x2000004c        0x4 
                0x20000050                _sstack = .
                0x20000450                . = (. + STACK_SIZE)
 *fill*         0x20000050      0x400 
                0x20000450                . = ALIGN (0x8)
                0x20000450                _estack = .
                0x20000450                . = ALIGN (0x4)
                0x20000450                _end = .
OUTPUT(EncodeV1.elf elf32-littlearm)

.ARM.attributes
                0x00000000       0x28
 .ARM.attributes
                0x00000000       0x1e c:/program files (x86)/atmel/studio/7.0/toolchain/arm/arm-gnu-toolchain/bin/../lib/gcc/arm-none-eabi/6.3.1/thumb/v6-m/crti.o
 .ARM.attributes
                0x0000001e       0x2c c:/program files (x86)/atmel/studio/7.0/toolchain/arm/arm-gnu-toolchain/bin/../lib/gcc/arm-none-eabi/6.3.1/thumb/v6-m/crtbegin.o
 .ARM.attributes
                0x0000004a       0x32 atmel_start.o
 .ARM.attributes
                0x0000007c       0x32 Device_Startup/startup_samd21.o
 .ARM.attributes
                0x000000ae       0x32 driver_init.o
 .ARM.attributes
                0x000000e0       0x32 hal/src/hal_adc_sync.o
 .ARM.attributes
                0x00000112       0x32 hal/src/hal_flash.o
 .ARM.attributes
                0x00000144       0x32 hal/src/hal_i2c_s_sync.o
 .ARM.attributes
                0x00000176       0x32 hal/utils/src/utils_assert.o
 .ARM.attributes
                0x000001a8       0x32 hpl/adc/hpl_adc.o
 .ARM.attributes
                0x000001da       0x32 hpl/core/hpl_init.o
 .ARM.attributes
                0x0000020c       0x32 hpl/gclk/hpl_gclk.o
 .ARM.attributes
                0x0000023e       0x32 hpl/nvmctrl/hpl_nvmctrl.o
 .ARM.attributes
                0x00000270       0x32 hpl/pm/hpl_pm.o
 .ARM.attributes
                0x000002a2       0x32 hpl/sercom/hpl_sercom.o
 .ARM.attributes
                0x000002d4       0x32 hpl/sysctrl/hpl_sysctrl.o
 .ARM.attributes
                0x00000306       0x32 main.o
 .ARM.attributes
                0x00000338       0x2c c:/program files (x86)/atmel/studio/7.0/toolchain/arm/arm-gnu-toolchain/bin/../lib/gcc/arm-none-eabi/6.3.1/../../../../arm-none-eabi/lib/thumb/v6-m\libc_nano.a(lib_a-init.o)
 .ARM.attributes
                0x00000364       0x1e c:/program files (x86)/atmel/studio/7.0/toolchain/arm/arm-gnu-toolchain/bin/../lib/gcc/arm-none-eabi/6.3.1/thumb/v6-m/crtn.o

.comment        0x00000000       0x59
 .comment       0x00000000       0x59 atmel_start.o
                                 0x5a (size before relaxing)
 .comment       0x00000059       0x5a Device_Startup/startup_samd21.o
 .comment       0x00000059       0x5a driver_init.o
 .comment       0x00000059       0x5a hal/src/hal_adc_sync.o
 .comment       0x00000059       0x5a hal/src/hal_flash.o
 .comment       0x00000059       0x5a hal/src/hal_i2c_s_sync.o
 .comment       0x00000059       0x5a hal/utils/src/utils_assert.o
 .comment       0x00000059       0x5a hpl/adc/hpl_adc.o
 .comment       0x00000059       0x5a hpl/core/hpl_init.o
 .comment       0x00000059       0x5a hpl/gclk/hpl_gclk.o
 .comment       0x00000059       0x5a hpl/nvmctrl/hpl_nvmctrl.o
 .comment       0x00000059       0x5a hpl/pm/hpl_pm.o
 .comment       0x00000059       0x5a hpl/sercom/hpl_sercom.o
 .comment       0x00000059       0x5a hpl/sysctrl/hpl_sysctrl.o
 .comment       0x00000059       0x5a main.o

.debug_info     0x00000000    0x232da
 .debug_info    0x00000000      0x38e atmel_start.o
 .debug_info    0x0000038e     0x3a3f Device_Startup/startup_samd21.o
 .debug_info    0x00003dcd     0x8af2 driver_init.o
 .debug_info    0x0000c8bf      0xb29 hal/src/hal_adc_sync.o
 .debug_info    0x0000d3e8      0xe3a hal/src/hal_flash.o
 .debug_info    0x0000e222      0x755 hal/src/hal_i2c_s_sync.o
 .debug_info    0x0000e977      0x107 hal/utils/src/utils_assert.o
 .debug_info    0x0000ea7e     0x37a4 hpl/adc/hpl_adc.o
 .debug_info    0x00012222      0x68d hpl/core/hpl_init.o
 .debug_info    0x000128af      0x4e1 hpl/gclk/hpl_gclk.o
 .debug_info    0x00012d90     0x2cfb hpl/nvmctrl/hpl_nvmctrl.o
 .debug_info    0x00015a8b      0xcd7 hpl/pm/hpl_pm.o
 .debug_info    0x00016762     0xb394 hpl/sercom/hpl_sercom.o
 .debug_info    0x00021af6     0x1452 hpl/sysctrl/hpl_sysctrl.o
 .debug_info    0x00022f48      0x392 main.o

.debug_abbrev   0x00000000     0x2444
 .debug_abbrev  0x00000000       0xe3 atmel_start.o
 .debug_abbrev  0x000000e3      0x234 Device_Startup/startup_samd21.o
 .debug_abbrev  0x00000317      0x393 driver_init.o
 .debug_abbrev  0x000006aa      0x168 hal/src/hal_adc_sync.o
 .debug_abbrev  0x00000812      0x1c5 hal/src/hal_flash.o
 .debug_abbrev  0x000009d7      0x156 hal/src/hal_i2c_s_sync.o
 .debug_abbrev  0x00000b2d       0x86 hal/utils/src/utils_assert.o
 .debug_abbrev  0x00000bb3      0x4a2 hpl/adc/hpl_adc.o
 .debug_abbrev  0x00001055      0x1cc hpl/core/hpl_init.o
 .debug_abbrev  0x00001221      0x1c3 hpl/gclk/hpl_gclk.o
 .debug_abbrev  0x000013e4      0x5d8 hpl/nvmctrl/hpl_nvmctrl.o
 .debug_abbrev  0x000019bc      0x211 hpl/pm/hpl_pm.o
 .debug_abbrev  0x00001bcd      0x586 hpl/sercom/hpl_sercom.o
 .debug_abbrev  0x00002153      0x20c hpl/sysctrl/hpl_sysctrl.o
 .debug_abbrev  0x0000235f       0xe5 main.o

.debug_loc      0x00000000     0xe919
 .debug_loc     0x00000000       0x20 atmel_start.o
 .debug_loc     0x00000020       0x40 Device_Startup/startup_samd21.o
 .debug_loc     0x00000060      0x7ee driver_init.o
 .debug_loc     0x0000084e      0x8c0 hal/src/hal_adc_sync.o
 .debug_loc     0x0000110e      0xf25 hal/src/hal_flash.o
 .debug_loc     0x00002033      0x6a6 hal/src/hal_i2c_s_sync.o
 .debug_loc     0x000026d9     0x1d1b hpl/adc/hpl_adc.o
 .debug_loc     0x000043f4       0x4c hpl/core/hpl_init.o
 .debug_loc     0x00004440       0xa3 hpl/gclk/hpl_gclk.o
 .debug_loc     0x000044e3     0x217a hpl/nvmctrl/hpl_nvmctrl.o
 .debug_loc     0x0000665d      0x11b hpl/pm/hpl_pm.o
 .debug_loc     0x00006778     0x8021 hpl/sercom/hpl_sercom.o
 .debug_loc     0x0000e799      0x160 hpl/sysctrl/hpl_sysctrl.o
 .debug_loc     0x0000e8f9       0x20 main.o

.debug_aranges  0x00000000      0xaa0
 .debug_aranges
                0x00000000       0x20 atmel_start.o
 .debug_aranges
                0x00000020       0x28 Device_Startup/startup_samd21.o
 .debug_aranges
                0x00000048       0x60 driver_init.o
 .debug_aranges
                0x000000a8       0x98 hal/src/hal_adc_sync.o
 .debug_aranges
                0x00000140       0x90 hal/src/hal_flash.o
 .debug_aranges
                0x000001d0       0x68 hal/src/hal_i2c_s_sync.o
 .debug_aranges
                0x00000238       0x20 hal/utils/src/utils_assert.o
 .debug_aranges
                0x00000258      0x1e0 hpl/adc/hpl_adc.o
 .debug_aranges
                0x00000438       0x20 hpl/core/hpl_init.o
 .debug_aranges
                0x00000458       0x28 hpl/gclk/hpl_gclk.o
 .debug_aranges
                0x00000480       0xe0 hpl/nvmctrl/hpl_nvmctrl.o
 .debug_aranges
                0x00000560       0x30 hpl/pm/hpl_pm.o
 .debug_aranges
                0x00000590      0x4c8 hpl/sercom/hpl_sercom.o
 .debug_aranges
                0x00000a58       0x28 hpl/sysctrl/hpl_sysctrl.o
 .debug_aranges
                0x00000a80       0x20 main.o

.debug_ranges   0x00000000      0xfb0
 .debug_ranges  0x00000000       0x10 atmel_start.o
 .debug_ranges  0x00000010       0x18 Device_Startup/startup_samd21.o
 .debug_ranges  0x00000028       0x50 driver_init.o
 .debug_ranges  0x00000078       0xa0 hal/src/hal_adc_sync.o
 .debug_ranges  0x00000118       0x80 hal/src/hal_flash.o
 .debug_ranges  0x00000198       0x58 hal/src/hal_i2c_s_sync.o
 .debug_ranges  0x000001f0       0x10 hal/utils/src/utils_assert.o
 .debug_ranges  0x00000200      0x1e8 hpl/adc/hpl_adc.o
 .debug_ranges  0x000003e8       0x10 hpl/core/hpl_init.o
 .debug_ranges  0x000003f8       0x18 hpl/gclk/hpl_gclk.o
 .debug_ranges  0x00000410      0x148 hpl/nvmctrl/hpl_nvmctrl.o
 .debug_ranges  0x00000558       0x20 hpl/pm/hpl_pm.o
 .debug_ranges  0x00000578      0x9f8 hpl/sercom/hpl_sercom.o
 .debug_ranges  0x00000f70       0x30 hpl/sysctrl/hpl_sysctrl.o
 .debug_ranges  0x00000fa0       0x10 main.o

.debug_macro    0x00000000    0x1709a
 .debug_macro   0x00000000      0x4f9 atmel_start.o
 .debug_macro   0x000004f9      0x89e atmel_start.o
 .debug_macro   0x00000d97      0x16d atmel_start.o
 .debug_macro   0x00000f04       0x22 atmel_start.o
 .debug_macro   0x00000f26       0x87 atmel_start.o
 .debug_macro   0x00000fad       0x51 atmel_start.o
 .debug_macro   0x00000ffe       0xef atmel_start.o
 .debug_macro   0x000010ed       0x6a atmel_start.o
 .debug_macro   0x00001157      0x1df atmel_start.o
 .debug_macro   0x00001336       0x22 atmel_start.o
 .debug_macro   0x00001358       0x3f atmel_start.o
 .debug_macro   0x00001397       0x1c atmel_start.o
 .debug_macro   0x000013b3       0x22 atmel_start.o
 .debug_macro   0x000013d5       0xb5 atmel_start.o
 .debug_macro   0x0000148a      0x3ad atmel_start.o
 .debug_macro   0x00001837      0x67e atmel_start.o
 .debug_macro   0x00001eb5      0x8b1 atmel_start.o
 .debug_macro   0x00002766      0x22e atmel_start.o
 .debug_macro   0x00002994      0xd5c atmel_start.o
 .debug_macro   0x000036f0      0x4dc atmel_start.o
 .debug_macro   0x00003bcc      0x9f6 atmel_start.o
 .debug_macro   0x000045c2      0x82b atmel_start.o
 .debug_macro   0x00004ded      0x45f atmel_start.o
 .debug_macro   0x0000524c       0x5e atmel_start.o
 .debug_macro   0x000052aa      0x8f9 atmel_start.o
 .debug_macro   0x00005ba3      0x21c atmel_start.o
 .debug_macro   0x00005dbf      0x7eb atmel_start.o
 .debug_macro   0x000065aa       0x5e atmel_start.o
 .debug_macro   0x00006608      0x663 atmel_start.o
 .debug_macro   0x00006c6b      0x3ac atmel_start.o
 .debug_macro   0x00007017      0xc76 atmel_start.o
 .debug_macro   0x00007c8d     0x1092 atmel_start.o
 .debug_macro   0x00008d1f      0xc4a atmel_start.o
 .debug_macro   0x00009969      0x6ba atmel_start.o
 .debug_macro   0x0000a023     0x1b3d atmel_start.o
 .debug_macro   0x0000bb60     0x143c atmel_start.o
 .debug_macro   0x0000cf9c      0x340 atmel_start.o
 .debug_macro   0x0000d2dc       0x7c atmel_start.o
 .debug_macro   0x0000d358       0xa0 atmel_start.o
 .debug_macro   0x0000d3f8       0x4c atmel_start.o
 .debug_macro   0x0000d444       0xca atmel_start.o
 .debug_macro   0x0000d50e       0x94 atmel_start.o
 .debug_macro   0x0000d5a2       0x58 atmel_start.o
 .debug_macro   0x0000d5fa      0x364 atmel_start.o
 .debug_macro   0x0000d95e       0x82 atmel_start.o
 .debug_macro   0x0000d9e0      0x189 atmel_start.o
 .debug_macro   0x0000db69       0xb8 atmel_start.o
 .debug_macro   0x0000dc21       0xa0 atmel_start.o
 .debug_macro   0x0000dcc1       0xb8 atmel_start.o
 .debug_macro   0x0000dd79       0x1c atmel_start.o
 .debug_macro   0x0000dd95       0x1c atmel_start.o
 .debug_macro   0x0000ddb1       0x1c atmel_start.o
 .debug_macro   0x0000ddcd       0x82 atmel_start.o
 .debug_macro   0x0000de4f      0x15a atmel_start.o
 .debug_macro   0x0000dfa9       0x10 atmel_start.o
 .debug_macro   0x0000dfb9       0xdc atmel_start.o
 .debug_macro   0x0000e095      0x124 atmel_start.o
 .debug_macro   0x0000e1b9      0x124 atmel_start.o
 .debug_macro   0x0000e2dd      0x124 atmel_start.o
 .debug_macro   0x0000e401      0x124 atmel_start.o
 .debug_macro   0x0000e525      0x124 atmel_start.o
 .debug_macro   0x0000e649       0xe2 atmel_start.o
 .debug_macro   0x0000e72b       0xe2 atmel_start.o
 .debug_macro   0x0000e80d       0xe2 atmel_start.o
 .debug_macro   0x0000e8ef      0x130 atmel_start.o
 .debug_macro   0x0000ea1f      0x106 atmel_start.o
 .debug_macro   0x0000eb25       0xfa atmel_start.o
 .debug_macro   0x0000ec1f      0x40f atmel_start.o
 .debug_macro   0x0000f02e       0x40 atmel_start.o
 .debug_macro   0x0000f06e      0x361 atmel_start.o
 .debug_macro   0x0000f3cf     0x101b atmel_start.o
 .debug_macro   0x000103ea       0x7b atmel_start.o
 .debug_macro   0x00010465       0x10 atmel_start.o
 .debug_macro   0x00010475       0x10 atmel_start.o
 .debug_macro   0x00010485       0x16 atmel_start.o
 .debug_macro   0x0001049b       0x16 atmel_start.o
 .debug_macro   0x000104b1       0x16 atmel_start.o
 .debug_macro   0x000104c7       0x16 atmel_start.o
 .debug_macro   0x000104dd       0x16 atmel_start.o
 .debug_macro   0x000104f3       0x16 atmel_start.o
 .debug_macro   0x00010509       0x16 atmel_start.o
 .debug_macro   0x0001051f       0x16 atmel_start.o
 .debug_macro   0x00010535       0x16 atmel_start.o
 .debug_macro   0x0001054b       0x16 atmel_start.o
 .debug_macro   0x00010561       0x16 atmel_start.o
 .debug_macro   0x00010577       0x16 atmel_start.o
 .debug_macro   0x0001058d       0x16 atmel_start.o
 .debug_macro   0x000105a3       0x16 atmel_start.o
 .debug_macro   0x000105b9      0x4c3 atmel_start.o
 .debug_macro   0x00010a7c       0x94 atmel_start.o
 .debug_macro   0x00010b10       0x16 atmel_start.o
 .debug_macro   0x00010b26       0x6a atmel_start.o
 .debug_macro   0x00010b90      0x28c atmel_start.o
 .debug_macro   0x00010e1c      0x4d8 atmel_start.o
 .debug_macro   0x000112f4       0x16 atmel_start.o
 .debug_macro   0x0001130a       0xca atmel_start.o
 .debug_macro   0x000113d4       0x1c atmel_start.o
 .debug_macro   0x000113f0       0x16 atmel_start.o
 .debug_macro   0x00011406       0x58 atmel_start.o
 .debug_macro   0x0001145e      0x2e8 Device_Startup/startup_samd21.o
 .debug_macro   0x00011746       0x39 Device_Startup/startup_samd21.o
 .debug_macro   0x0001177f      0x530 driver_init.o
 .debug_macro   0x00011caf       0x34 driver_init.o
 .debug_macro   0x00011ce3       0xc9 driver_init.o
 .debug_macro   0x00011dac      0x44a hal/src/hal_adc_sync.o
 .debug_macro   0x000121f6      0x446 hal/src/hal_flash.o
 .debug_macro   0x0001263c      0x446 hal/src/hal_i2c_s_sync.o
 .debug_macro   0x00012a82      0x41f hal/utils/src/utils_assert.o
 .debug_macro   0x00012ea1       0x10 hal/utils/src/utils_assert.o
 .debug_macro   0x00012eb1      0x471 hpl/adc/hpl_adc.o
 .debug_macro   0x00013322      0x6cc hpl/adc/hpl_adc.o
 .debug_macro   0x000139ee      0x6ba hpl/adc/hpl_adc.o
 .debug_macro   0x000140a8       0xd2 hpl/adc/hpl_adc.o
 .debug_macro   0x0001417a      0x490 hpl/core/hpl_init.o
 .debug_macro   0x0001460a       0x2e hpl/core/hpl_init.o
 .debug_macro   0x00014638      0x6ec hpl/core/hpl_init.o
 .debug_macro   0x00014d24      0x432 hpl/gclk/hpl_gclk.o
 .debug_macro   0x00015156      0x1f3 hpl/gclk/hpl_gclk.o
 .debug_macro   0x00015349      0x564 hpl/nvmctrl/hpl_nvmctrl.o
 .debug_macro   0x000158ad       0x1c hpl/nvmctrl/hpl_nvmctrl.o
 .debug_macro   0x000158c9      0x455 hpl/pm/hpl_pm.o
 .debug_macro   0x00015d1e      0x65d hpl/sercom/hpl_sercom.o
 .debug_macro   0x0001637b       0x70 hpl/sercom/hpl_sercom.o
 .debug_macro   0x000163eb       0x52 hpl/sercom/hpl_sercom.o
 .debug_macro   0x0001643d       0x10 hpl/sercom/hpl_sercom.o
 .debug_macro   0x0001644d       0x1c hpl/sercom/hpl_sercom.o
 .debug_macro   0x00016469       0x22 hpl/sercom/hpl_sercom.o
 .debug_macro   0x0001648b       0x10 hpl/sercom/hpl_sercom.o
 .debug_macro   0x0001649b      0x42c hpl/sysctrl/hpl_sysctrl.o
 .debug_macro   0x000168c7      0x2da hpl/sysctrl/hpl_sysctrl.o
 .debug_macro   0x00016ba1      0x4f9 main.o

.debug_line     0x00000000     0xc536
 .debug_line    0x00000000      0xa9f atmel_start.o
 .debug_line    0x00000a9f      0x6dd Device_Startup/startup_samd21.o
 .debug_line    0x0000117c      0xc49 driver_init.o
 .debug_line    0x00001dc5      0xaf9 hal/src/hal_adc_sync.o
 .debug_line    0x000028be      0xbdd hal/src/hal_flash.o
 .debug_line    0x0000349b      0xab6 hal/src/hal_i2c_s_sync.o
 .debug_line    0x00003f51      0x93e hal/utils/src/utils_assert.o
 .debug_line    0x0000488f     0x1217 hpl/adc/hpl_adc.o
 .debug_line    0x00005aa6      0xa1e hpl/core/hpl_init.o
 .debug_line    0x000064c4      0x998 hpl/gclk/hpl_gclk.o
 .debug_line    0x00006e5c     0x107f hpl/nvmctrl/hpl_nvmctrl.o
 .debug_line    0x00007edb      0x9e4 hpl/pm/hpl_pm.o
 .debug_line    0x000088bf     0x280f hpl/sercom/hpl_sercom.o
 .debug_line    0x0000b0ce      0x9d1 hpl/sysctrl/hpl_sysctrl.o
 .debug_line    0x0000ba9f      0xa97 main.o

.debug_str      0x00000000    0x873f9
 .debug_str     0x00000000    0x7257e atmel_start.o
                              0x729d6 (size before relaxing)
 .debug_str     0x0007257e     0x10a5 Device_Startup/startup_samd21.o
                              0x6a9df (size before relaxing)
 .debug_str     0x00073623     0x195b driver_init.o
                              0x7518b (size before relaxing)
 .debug_str     0x00074f7e      0x402 hal/src/hal_adc_sync.o
                              0x72ab9 (size before relaxing)
 .debug_str     0x00075380      0x18a hal/src/hal_flash.o
                              0x72cf3 (size before relaxing)
 .debug_str     0x0007550a      0x1c2 hal/src/hal_i2c_s_sync.o
                              0x72c69 (size before relaxing)
 .debug_str     0x000756cc       0x2a hal/utils/src/utils_assert.o
                              0x724cb (size before relaxing)
 .debug_str     0x000756f6     0x6c2e hpl/adc/hpl_adc.o
                              0x79899 (size before relaxing)
 .debug_str     0x0007c324     0x17d7 hpl/core/hpl_init.o
                              0x74057 (size before relaxing)
 .debug_str     0x0007dafb      0x84a hpl/gclk/hpl_gclk.o
                              0x72de3 (size before relaxing)
 .debug_str     0x0007e345     0x3545 hpl/nvmctrl/hpl_nvmctrl.o
                              0x764c9 (size before relaxing)
 .debug_str     0x0008188a      0x194 hpl/pm/hpl_pm.o
                              0x72bd3 (size before relaxing)
 .debug_str     0x00081a1e     0x4800 hpl/sercom/hpl_sercom.o
                              0x77e85 (size before relaxing)
 .debug_str     0x0008621e     0x11cf hpl/sysctrl/hpl_sysctrl.o
                              0x7379a (size before relaxing)
 .debug_str     0x000873ed        0xc main.o
                              0x729c8 (size before relaxing)

.debug_frame    0x00000000     0x1c24
 .debug_frame   0x00000000       0x28 atmel_start.o
 .debug_frame   0x00000028       0x40 Device_Startup/startup_samd21.o
 .debug_frame   0x00000068       0xd0 driver_init.o
 .debug_frame   0x00000138      0x1d4 hal/src/hal_adc_sync.o
 .debug_frame   0x0000030c      0x1c4 hal/src/hal_flash.o
 .debug_frame   0x000004d0      0x128 hal/src/hal_i2c_s_sync.o
 .debug_frame   0x000005f8       0x20 hal/utils/src/utils_assert.o
 .debug_frame   0x00000618      0x464 hpl/adc/hpl_adc.o
 .debug_frame   0x00000a7c       0x28 hpl/core/hpl_init.o
 .debug_frame   0x00000aa4       0x30 hpl/gclk/hpl_gclk.o
 .debug_frame   0x00000ad4      0x2b0 hpl/nvmctrl/hpl_nvmctrl.o
 .debug_frame   0x00000d84       0x40 hpl/pm/hpl_pm.o
 .debug_frame   0x00000dc4      0xddc hpl/sercom/hpl_sercom.o
 .debug_frame   0x00001ba0       0x30 hpl/sysctrl/hpl_sysctrl.o
 .debug_frame   0x00001bd0       0x28 main.o
 .debug_frame   0x00001bf8       0x2c c:/program files (x86)/atmel/studio/7.0/toolchain/arm/arm-gnu-toolchain/bin/../lib/gcc/arm-none-eabi/6.3.1/../../../../arm-none-eabi/lib/thumb/v6-m\libc_nano.a(lib_a-init.o)
